MemTotal:       32793796 kB
MemFree:         2991568 kB
MemAvailable:   25518588 kB
Buffers:           32428 kB
Cached:         22400008 kB
SwapCached:            0 kB
Active:          1590584 kB
Inactive:       21757460 kB
Active(anon):     944008 kB
Inactive(anon):        0 kB
Active(file):     646576 kB
Inactive(file): 21757460 kB
Unevictable:           0 kB
Mlocked:               0 kB
SwapTotal:      33554428 kB
SwapFree:       33554428 kB
Zswap:                 0 kB
Zswapped:              0 kB
Dirty:                16 kB
Writeback:             0 kB
AnonPages:        915800 kB
Mapped:           337336 kB
Shmem:             28264 kB
KReclaimable:     588132 kB
Slab:             701220 kB
SReclaimable:     588132 kB
SUnreclaim:       113088 kB
KernelStack:        9952 kB
PageTables:        13520 kB
SecPageTables:      4068 kB
NFS_Unstable:          0 kB
Bounce:                0 kB
WritebackTmp:          0 kB
CommitLimit:    49951324 kB
Committed_AS:    1664620 kB
VmallocTotal:   34359738367 kB
VmallocUsed:      732172 kB
VmallocChunk:          0 kB
Percpu:             4512 kB
HardwareCorrupted:     0 kB
AnonHugePages:         0 kB
ShmemHugePages:        0 kB
ShmemPmdMapped:        0 kB
FileHugePages:         0 kB
FilePmdMapped:         0 kB
CmaTotal:              0 kB
CmaFree:               0 kB
Unaccepted:            0 kB
HugePages_Total:       0
HugePages_Free:        0
HugePages_Rsvd:        0
HugePages_Surp:        0
Hugepagesize:       2048 kB
Hugetlb:               0 kB
DirectMap4k:      257996 kB
DirectMap2M:     4909056 kB
DirectMap1G:    28311552 kB
